Copyright 1986-2018 Xilinx, Inc. All Rights Reserved.
----------------------------------------------------------------------------------------
| Tool Version : Vivado v.2018.2 (win64) Build 2258646 Thu Jun 14 20:03:12 MDT 2018
| Date         : Wed Mar  6 20:15:59 2024
| Host         : HackerbookAce running 64-bit major release  (build 9200)
| Command      : report_control_sets -verbose -file Top_Student_control_sets_placed.rpt
| Design       : Top_Student
| Device       : xc7a35t
----------------------------------------------------------------------------------------

Control Set Information

Table of Contents
-----------------
1. Summary
2. Histogram
3. Flip-Flop Distribution
4. Detailed Control Set Information

1. Summary
----------

+----------------------------------------------------------+-------+
|                          Status                          | Count |
+----------------------------------------------------------+-------+
| Number of unique control sets                            |    45 |
| Unused register locations in slices containing registers |    48 |
+----------------------------------------------------------+-------+


2. Histogram
------------

+--------+--------------+
| Fanout | Control Sets |
+--------+--------------+
|      4 |            1 |
|      6 |            1 |
|      8 |            3 |
|     10 |            1 |
|     12 |            1 |
|     14 |            1 |
|    16+ |           37 |
+--------+--------------+


3. Flip-Flop Distribution
-------------------------

+--------------+-----------------------+------------------------+-----------------+--------------+
| Clock Enable | Synchronous Set/Reset | Asynchronous Set/Reset | Total Registers | Total Slices |
+--------------+-----------------------+------------------------+-----------------+--------------+
| No           | No                    | No                     |             288 |           56 |
| No           | No                    | Yes                    |            2166 |          300 |
| No           | Yes                   | No                     |             426 |           62 |
| Yes          | No                    | No                     |             248 |           38 |
| Yes          | No                    | Yes                    |               0 |            0 |
| Yes          | Yes                   | No                     |             136 |           20 |
+--------------+-----------------------+------------------------+-----------------+--------------+


4. Detailed Control Set Information
-----------------------------------

+---------------------------------------------------------+------------------------------------------------------+------------------------------------------------------+------------------+----------------+
|                       Clock Signal                      |                     Enable Signal                    |                   Set/Reset Signal                   | Slice Load Count | Bel Load Count |
+---------------------------------------------------------+------------------------------------------------------+------------------------------------------------------+------------------+----------------+
| ~clk_6_25mhz_BUFG                                       |                                                      |                                                      |                2 |              4 |
| ~mouse/state_choice_reg[2]_rep__3                       |                                                      |                                                      |                2 |              6 |
|  clk_IBUF_BUFG                                          |                                                      | mouse/Inst_Ps2Interface/clk_inter0                   |                1 |              8 |
|  clk_IBUF_BUFG                                          |                                                      | mouse/Inst_Ps2Interface/data_inter0                  |                1 |              8 |
|  clk_IBUF_BUFG                                          | mouse/Inst_Ps2Interface/shift_frame                  | mouse/Inst_Ps2Interface/reset_bit_count              |                2 |              8 |
|  task_group/paint_module/colour_chooser_reg[15]_i_2_n_0 |                                                      |                                                      |                2 |             10 |
|  clk_IBUF_BUFG                                          | mouse/Inst_Ps2Interface/right_down_reg               |                                                      |                2 |             12 |
|  clk_IBUF_BUFG                                          | mouse/Inst_Ps2Interface/delay_63clk_count[6]_i_2_n_0 | mouse/Inst_Ps2Interface/delay_63clk_count[6]_i_1_n_0 |                2 |             14 |
|  clk_IBUF_BUFG                                          | mouse/Inst_Ps2Interface/load_rx_data                 |                                                      |                2 |             16 |
|  clk_IBUF_BUFG                                          | mouse/Inst_Ps2Interface/x_inc_reg[0]                 |                                                      |                2 |             16 |
|  clk_IBUF_BUFG                                          | mouse/Inst_Ps2Interface/y_inc_reg[0]                 |                                                      |                2 |             16 |
|  clk_IBUF_BUFG                                          | mouse/write_data                                     |                                                      |                3 |             16 |
|  clk_IBUF_BUFG                                          | mouse/Inst_Ps2Interface/frame[9]_i_1_n_0             |                                                      |                3 |             20 |
|  clk_IBUF_BUFG                                          | mouse/Inst_Ps2Interface/delay_20us_count[10]_i_2_n_0 | mouse/Inst_Ps2Interface/delay_20us_count[10]_i_1_n_0 |                4 |             22 |
|  clk_IBUF_BUFG                                          | mouse/x_new_reg_n_0                                  |                                                      |                4 |             24 |
|  clk_IBUF_BUFG                                          | mouse/y_new_reg_n_0                                  |                                                      |                5 |             24 |
|  clk_IBUF_BUFG                                          | mouse/Inst_Ps2Interface/delay_100us_count[0]_i_2_n_0 | mouse/Inst_Ps2Interface/clear                        |                4 |             28 |
| ~clk_6_25mhz_BUFG                                       |                                                      | display/frame_counter[16]_i_1_n_0                    |                4 |             32 |
|  mouse/state_choice_reg[2]_rep__3_0                     |                                                      |                                                      |                7 |             36 |
| ~clk_6_25mhz_BUFG                                       | display/delay[0]_i_1_n_0                             |                                                      |                5 |             40 |
|  clk_IBUF_BUFG                                          |                                                      | mouse/reset_timeout_cnt_reg_n_0                      |                5 |             48 |
|  clk_IBUF_BUFG                                          |                                                      | mouse/reset_periodic_check_cnt__0                    |                6 |             52 |
|  clk_IBUF_BUFG                                          |                                                      | clk6p25m/clk_out                                     |                8 |             62 |
|  clk_IBUF_BUFG                                          |                                                      | task_group/clk12p5m/clk_out                          |                8 |             62 |
| ~clk_6_25mhz_BUFG                                       | display/FSM_onehot_state[31]_i_1__0_n_0              |                                                      |               10 |             64 |
|  clk_IBUF_BUFG                                          |                                                      | task_a/anim_timer/counter[31]_i_1_n_0                |                9 |             64 |
|  clk_IBUF_BUFG                                          | task_a/mid_timer/counter[0]_i_2_n_0                  | task_a/mid_timer/counter[0]_i_1__2_n_0               |                8 |             64 |
| ~clk_6_25mhz_BUFG                                       |                                                      | display/spi_word[39]_i_1_n_0                         |               20 |             90 |
|  paint_module/clockMouse                                |                                                      | mouse/pixel_data_reg[253][2]                         |               15 |            128 |
|  paint_module/clockMouse                                |                                                      | mouse/pixel_data_reg[317][1]                         |               16 |            128 |
|  paint_module/clockMouse                                |                                                      | mouse/pixel_data_reg[253][0]                         |               18 |            128 |
|  paint_module/clockMouse                                |                                                      | mouse/pixel_data_reg[317][0]                         |               16 |            128 |
|  paint_module/clockMouse                                |                                                      | mouse/pixel_data_reg[317][2]                         |               18 |            128 |
|  paint_module/clockMouse                                |                                                      | mouse/pixel_data_reg[125][0]                         |               19 |            128 |
|  paint_module/clockMouse                                |                                                      | mouse/pixel_data_reg[61][0]                          |               20 |            128 |
|  paint_module/clockMouse                                |                                                      | mouse/pixel_data_reg[61][2]                          |               18 |            128 |
|  paint_module/clockMouse                                |                                                      | mouse/pixel_data_reg[253][1]                         |               18 |            128 |
|  paint_module/clockMouse                                |                                                      | mouse/pixel_data_reg[157][1]                         |               19 |            128 |
|  paint_module/clockMouse                                |                                                      | mouse/pixel_data_reg[189][2]                         |               16 |            128 |
|  paint_module/clockMouse                                |                                                      | mouse/pixel_data_reg[125][1]                         |               21 |            128 |
|  paint_module/clockMouse                                |                                                      | mouse/pixel_data_reg[125][2]                         |               19 |            128 |
|  paint_module/clockMouse                                |                                                      | mouse/pixel_data_reg[189][0]                         |               20 |            128 |
|  paint_module/clockMouse                                |                                                      | mouse/pixel_data_reg[61][1]                          |               15 |            128 |
|  clk_IBUF_BUFG                                          |                                                      |                                                      |               43 |            232 |
|  paint_module/clockMouse                                |                                                      | mouse/pixel_data_reg[321][0]                         |               32 |            246 |
+---------------------------------------------------------+------------------------------------------------------+------------------------------------------------------+------------------+----------------+


