Copyright 1986-2018 Xilinx, Inc. All Rights Reserved.
----------------------------------------------------------------------------------------
| Tool Version : Vivado v.2018.2 (win64) Build 2258646 Thu Jun 14 20:03:12 MDT 2018
| Date         : Wed Mar  6 16:43:45 2024
| Host         : HackerbookAce running 64-bit major release  (build 9200)
| Command      : report_control_sets -verbose -file Top_Student_control_sets_placed.rpt
| Design       : Top_Student
| Device       : xc7a35t
----------------------------------------------------------------------------------------

Control Set Information

Table of Contents
-----------------
1. Summary
2. Histogram
3. Flip-Flop Distribution
4. Detailed Control Set Information

1. Summary
----------

+----------------------------------------------------------+-------+
|                          Status                          | Count |
+----------------------------------------------------------+-------+
| Number of unique control sets                            |    67 |
| Unused register locations in slices containing registers |    98 |
+----------------------------------------------------------+-------+


2. Histogram
------------

+--------+--------------+
| Fanout | Control Sets |
+--------+--------------+
|      2 |            1 |
|      6 |            1 |
|      8 |            7 |
|     10 |            1 |
|     12 |            2 |
|     14 |            4 |
|    16+ |           51 |
+--------+--------------+


3. Flip-Flop Distribution
-------------------------

+--------------+-----------------------+------------------------+-----------------+--------------+
| Clock Enable | Synchronous Set/Reset | Asynchronous Set/Reset | Total Registers | Total Slices |
+--------------+-----------------------+------------------------+-----------------+--------------+
| No           | No                    | No                     |             410 |          106 |
| No           | No                    | Yes                    |            2206 |          305 |
| No           | Yes                   | No                     |             664 |           88 |
| Yes          | No                    | No                     |             248 |           34 |
| Yes          | No                    | Yes                    |             126 |           27 |
| Yes          | Yes                   | No                     |             392 |           73 |
+--------------+-----------------------+------------------------+-----------------+--------------+


4. Detailed Control Set Information
-----------------------------------

+---------------------------------------------------------+---------------------------------------------------------------------+------------------------------------------------------+------------------+----------------+
|                       Clock Signal                      |                            Enable Signal                            |                   Set/Reset Signal                   | Slice Load Count | Bel Load Count |
+---------------------------------------------------------+---------------------------------------------------------------------+------------------------------------------------------+------------------+----------------+
| ~clk_6_25mhz_BUFG                                       |                                                                     |                                                      |                1 |              2 |
|  mouse/state0                                           |                                                                     |                                                      |                3 |              6 |
|  clk_IBUF_BUFG                                          |                                                                     | mouse/Inst_Ps2Interface/data_inter0                  |                1 |              8 |
|  clk_IBUF_BUFG                                          | mouse/Inst_Ps2Interface/shift_frame                                 | mouse/Inst_Ps2Interface/reset_bit_count              |                2 |              8 |
|  group_task/paint_module/clk_s                          |                                                                     |                                                      |                2 |              8 |
|  paint_module/clk_25                                    | group_task/paint_module/nn_inst/nn1/digit[3]_i_1_n_0                | group_task/paint_module/nn_inst/nn_algo_rst          |                1 |              8 |
|  clk_IBUF_BUFG                                          |                                                                     | mouse/Inst_Ps2Interface/clk_inter0                   |                1 |              8 |
|  paint_module/clk_25                                    | group_task/paint_module/nn_inst/nn1/FSM_sequential_state[1]_i_1_n_0 | group_task/paint_module/nn_inst/nn_algo_rst          |                3 |              8 |
|  paint_module/clk_25                                    |                                                                     | group_task/paint_module/nn_inst/nn_rst               |                4 |              8 |
|  group_task/paint_module/colour_chooser_reg[15]_i_2_n_0 |                                                                     |                                                      |                3 |             10 |
|  clk_IBUF_BUFG                                          | mouse/Inst_Ps2Interface/right_down_reg                              |                                                      |                2 |             12 |
|  paint_module/clk_25                                    | group_task/paint_module/nn_inst/nn1/i[5]_i_1_n_0                    | group_task/paint_module/nn_inst/nn_algo_rst          |                2 |             12 |
|  group_task/clk6p25m/clk_6_25mhz                        |                                                                     |                                                      |                3 |             14 |
|  paint_module/clk_25                                    | group_task/paint_module/nn_inst/nn1/next_out_valid                  | group_task/paint_module/nn_inst/nn_algo_rst          |                2 |             14 |
|  clk_IBUF_BUFG                                          | mouse/Inst_Ps2Interface/delay_63clk_count[6]_i_2_n_0                | mouse/Inst_Ps2Interface/delay_63clk_count[6]_i_1_n_0 |                2 |             14 |
|  paint_module/clk_25                                    | group_task/paint_module/nn_inst/nn1/addr_inter0                     | group_task/paint_module/nn_inst/nn_algo_rst          |                5 |             14 |
|  clk_IBUF_BUFG                                          | mouse/Inst_Ps2Interface/load_rx_data                                |                                                      |                2 |             16 |
|  clk_IBUF_BUFG                                          | mouse/Inst_Ps2Interface/x_inc_reg[0]                                |                                                      |                2 |             16 |
|  clk_IBUF_BUFG                                          | mouse/Inst_Ps2Interface/y_inc_reg[0]                                |                                                      |                3 |             16 |
|  clk_IBUF_BUFG                                          | mouse/write_data                                                    |                                                      |                2 |             16 |
|  group_task/clk6p25m/clk_6_25mhz                        |                                                                     | group_task/paint_module/h_cnt[9]_i_1_n_0             |                3 |             20 |
|  paint_module/clk_25                                    | group_task/paint_module/nn_inst/nn1/j[9]_i_1_n_0                    | group_task/paint_module/nn_inst/nn_algo_rst          |                3 |             20 |
|  paint_module/clk_25                                    | group_task/paint_module/nn_inst/nn1/addr_img0                       | group_task/paint_module/nn_inst/nn_algo_rst          |                4 |             20 |
|  clk_IBUF_BUFG                                          | mouse/Inst_Ps2Interface/frame[9]_i_1_n_0                            |                                                      |                2 |             20 |
|  paint_module/clk_25                                    | group_task/paint_module/nn_inst/imgw_valid_i_1_n_0                  | group_task/paint_module/nn_inst/nn_rst               |                4 |             22 |
|  clk_IBUF_BUFG                                          | mouse/Inst_Ps2Interface/delay_20us_count[10]_i_2_n_0                | mouse/Inst_Ps2Interface/delay_20us_count[10]_i_1_n_0 |                3 |             22 |
|  clk_IBUF_BUFG                                          | mouse/y_new_reg_n_0                                                 |                                                      |                5 |             24 |
|  clk_IBUF_BUFG                                          | mouse/x_new_reg_n_0                                                 |                                                      |                3 |             24 |
|  clk_IBUF_BUFG                                          | mouse/Inst_Ps2Interface/delay_100us_count[0]_i_2_n_0                | mouse/Inst_Ps2Interface/clear                        |                4 |             28 |
|  clk_IBUF_BUFG                                          |                                                                     | group_task/paint_module/nn_inst/nn_rst_i_1_n_0       |                5 |             30 |
|  clk_IBUF_BUFG                                          |                                                                     | group_task/paint_module/AR[0]                        |                8 |             32 |
|  paint_module/clk_25                                    | group_task/paint_module/nn_inst/nn1/addr_const[15]_i_1_n_0          | group_task/paint_module/nn_inst/nn_algo_rst          |               10 |             32 |
| ~clk_6_25mhz_BUFG                                       |                                                                     | display/frame_counter[16]_i_1_n_0                    |                4 |             34 |
|  mouse/left                                             |                                                                     |                                                      |               10 |             36 |
| ~clk_6_25mhz_BUFG                                       | display/delay[0]_i_1_n_0                                            |                                                      |                5 |             40 |
|  paint_module/clk_25                                    | group_task/paint_module/nn_inst/nn1/digit_valid                     | group_task/paint_module/nn_inst/nn_rst               |                9 |             40 |
|  clk_IBUF_BUFG                                          |                                                                     | mouse/reset_timeout_cnt_reg_n_0                      |                5 |             48 |
|  clk_IBUF_BUFG                                          |                                                                     | mouse/reset_periodic_check_cnt__0                    |                6 |             52 |
|  clk_IBUF_BUFG                                          |                                                                     | clk6p25m/clk_out                                     |                8 |             62 |
|  clk_IBUF_BUFG                                          |                                                                     | group_task/clkslow/clk_out                           |                8 |             62 |
|  clk_IBUF_BUFG                                          |                                                                     | group_task/clk6p25m/clk_out                          |                8 |             62 |
|  clk_IBUF_BUFG                                          |                                                                     | group_task/clk12p5m/clk_out                          |                8 |             62 |
|  clk_IBUF_BUFG                                          |                                                                     | group_task/clk25m/clk_out                            |                8 |             62 |
|  clk_IBUF_BUFG                                          | group_task/paint_module/nn_inst/nn_rst_i_1_n_0                      | group_task/paint_module/nn_inst/rst_counter          |                8 |             64 |
| ~clk_6_25mhz_BUFG                                       | display/state                                                       |                                                      |                8 |             64 |
|  clk_IBUF_BUFG                                          | group_task/paint_module/nn_inst/ct_inst/nextDY                      | group_task/paint_module/AR[0]                        |               14 |             64 |
|  clk_IBUF_BUFG                                          |                                                                     | group_task/paint_module/reset_count[31]_i_1_n_0      |                9 |             64 |
|  paint_module/clk_25                                    |                                                                     |                                                      |               21 |             66 |
| ~clk_6_25mhz_BUFG                                       |                                                                     | display/spi_word[39]_i_1_n_0                         |               14 |             90 |
|  paint_module/clk_25                                    | group_task/paint_module/nn_inst/nn1/val_out[63]_i_1_n_0             | group_task/paint_module/nn_inst/nn_algo_rst          |               24 |            128 |
|  paint_module/clockMouse                                |                                                                     | mouse/pixel_data_reg[316][2]                         |               19 |            128 |
|  paint_module/clockMouse                                |                                                                     | mouse/pixel_data_reg[124][0]                         |               15 |            128 |
|  paint_module/clockMouse                                |                                                                     | mouse/pixel_data_reg[124][1]                         |               19 |            128 |
|  paint_module/clockMouse                                |                                                                     | mouse/pixel_data_reg[124][2]                         |               20 |            128 |
|  paint_module/clockMouse                                |                                                                     | mouse/pixel_data_reg[188][0]                         |               17 |            128 |
|  paint_module/clockMouse                                |                                                                     | mouse/pixel_data_reg[188][1]                         |               17 |            128 |
|  paint_module/clockMouse                                |                                                                     | mouse/pixel_data_reg[188][2]                         |               18 |            128 |
|  paint_module/clockMouse                                |                                                                     | mouse/pixel_data_reg[252][0]                         |               17 |            128 |
|  paint_module/clockMouse                                |                                                                     | mouse/pixel_data_reg[252][1]                         |               15 |            128 |
|  paint_module/clockMouse                                |                                                                     | mouse/pixel_data_reg[252][2]                         |               19 |            128 |
|  paint_module/clockMouse                                |                                                                     | mouse/pixel_data_reg[60][0]                          |               19 |            128 |
|  paint_module/clockMouse                                |                                                                     | mouse/pixel_data_reg[60][1]                          |               15 |            128 |
|  paint_module/clockMouse                                |                                                                     | mouse/pixel_data_reg[316][0]                         |               20 |            128 |
|  paint_module/clockMouse                                |                                                                     | mouse/pixel_data_reg[316][1]                         |               15 |            128 |
|  paint_module/clockMouse                                |                                                                     | mouse/pixel_data_reg[60][2]                          |               17 |            128 |
|  paint_module/clockMouse                                |                                                                     | mouse/right                                          |               31 |            246 |
|  clk_IBUF_BUFG                                          |                                                                     |                                                      |               63 |            268 |
+---------------------------------------------------------+---------------------------------------------------------------------+------------------------------------------------------+------------------+----------------+


